// Jest Snapshot v1, https://goo.gl/fbAQLP

exports[`<TodoListContainer /> constructing and rendering should render correctly 1`] = `
<TodoList
  classes={
    Object {
      "todoList": "TodoList-todoList-1",
    }
  }
  todos={
    Array [
      Object {},
      Object {},
    ]
  }
/>
`;
